// Jest Snapshot v1, https://goo.gl/fbAQLP

exports[`Card should match the snapshot 1`] = `
<div
  className="Card"
>
  <h3>
    Card
  </h3>
</div>
`;
