// Jest Snapshot v1, https://goo.gl/fbAQLP

exports[`Header should match the snapshot 1`] = `
<div
  className="Header"
>
  <div
    className="header-title"
  >
    <h1>
      SWAPI-Box
    </h1>
  </div>
</div>
`;
