// Jest Snapshot v1, https://goo.gl/fbAQLP

exports[`App should match the snapshot 1`] = `
<div
  className="App"
>
  <Header />
  <Controls
    retrieveCategory={[Function]}
  />
  <FilmScript
    filmscript=""
  />
  <CardContainer
    category=""
    people={Array []}
    planets={Array []}
    vehicles={Array []}
  />
</div>
`;
